bianders@bianders-mn7180 ~/Brian_Code/chain_framework % import
zsh: command not found: import
bianders@bianders-mn7180 ~/Brian_Code/chain_framework % python
Python 3.12.4 (v3.12.4:8e8a4baf65, Jun  6 2024, 17:33:18) [Clang 13.0.0 (clang-1300.0.29.30)] on darwin
Type "help", "copyright", "credits" or "license" for more information.
>>> from chain_framework import Chain
Traceback (most recent call last):
  File "<stdin>", line 1, in <module>
ModuleNotFoundError: No module named 'chain_framework'
>>> exit()
bianders@bianders-mn7180 ~/Brian_Code/chain_framework % ls
__init__.py build       chat        model       prompt      setup.py
__pycache__ chain       message     parser      response    test
bianders@bianders-mn7180 ~/Brian_Code/chain_framework %
